E:\games\mope2020_dump\backup_server\server\src\main\java\io\mopesbox\Ability\PlayerAbility.java
E:\games\mope2020_dump\backup_server\server\src\main\java\io\mopesbox\Animals\Animal.java
E:\games\mope2020_dump\backup_server\server\src\main\java\io\mopesbox\Animals\Info\AnimalInfo.java
E:\games\mope2020_dump\backup_server\server\src\main\java\io\mopesbox\Animals\Info\Animals.java
E:\games\mope2020_dump\backup_server\server\src\main\java\io\mopesbox\Animals\Info\AnimalSkins.java
E:\games\mope2020_dump\backup_server\server\src\main\java\io\mopesbox\Animals\Info\Rare.java
E:\games\mope2020_dump\backup_server\server\src\main\java\io\mopesbox\Animals\Info\Rares.java
E:\games\mope2020_dump\backup_server\server\src\main\java\io\mopesbox\Animals\Info\Tier.java
E:\games\mope2020_dump\backup_server\server\src\main\java\io\mopesbox\Animals\Tier10\Bear.java
E:\games\mope2020_dump\backup_server\server\src\main\java\io\mopesbox\Animals\Tier10\GobiBear.java
E:\games\mope2020_dump\backup_server\server\src\main\java\io\mopesbox\Animals\Tier10\Hyena.java
E:\games\mope2020_dump\backup_server\server\src\main\java\io\mopesbox\Animals\Tier10\Pelican.java
E:\games\mope2020_dump\backup_server\server\src\main\java\io\mopesbox\Animals\Tier10\SwordFish.java
E:\games\mope2020_dump\backup_server\server\src\main\java\io\mopesbox\Animals\Tier10\Tiger.java
E:\games\mope2020_dump\backup_server\server\src\main\java\io\mopesbox\Animals\Tier10\Wolf.java
E:\games\mope2020_dump\backup_server\server\src\main\java\io\mopesbox\Animals\Tier11\Crocodile.java
E:\games\mope2020_dump\backup_server\server\src\main\java\io\mopesbox\Animals\Tier11\Falcon.java
E:\games\mope2020_dump\backup_server\server\src\main\java\io\mopesbox\Animals\Tier11\Lion.java
E:\games\mope2020_dump\backup_server\server\src\main\java\io\mopesbox\Animals\Tier11\Octopus.java
E:\games\mope2020_dump\backup_server\server\src\main\java\io\mopesbox\Animals\Tier11\PolarBear.java
E:\games\mope2020_dump\backup_server\server\src\main\java\io\mopesbox\Animals\Tier11\Vulture.java
E:\games\mope2020_dump\backup_server\server\src\main\java\io\mopesbox\Animals\Tier12\Bison.java
E:\games\mope2020_dump\backup_server\server\src\main\java\io\mopesbox\Animals\Tier12\Eagle.java
E:\games\mope2020_dump\backup_server\server\src\main\java\io\mopesbox\Animals\Tier12\Markhor.java
E:\games\mope2020_dump\backup_server\server\src\main\java\io\mopesbox\Animals\Tier12\Rhino.java
E:\games\mope2020_dump\backup_server\server\src\main\java\io\mopesbox\Animals\Tier12\Shark.java
E:\games\mope2020_dump\backup_server\server\src\main\java\io\mopesbox\Animals\Tier12\Wolverine.java
E:\games\mope2020_dump\backup_server\server\src\main\java\io\mopesbox\Animals\Tier13\BoaConstrictor.java
E:\games\mope2020_dump\backup_server\server\src\main\java\io\mopesbox\Animals\Tier13\Hippo.java
E:\games\mope2020_dump\backup_server\server\src\main\java\io\mopesbox\Animals\Tier13\KillerWhale.java
E:\games\mope2020_dump\backup_server\server\src\main\java\io\mopesbox\Animals\Tier13\KomodoDragon.java
E:\games\mope2020_dump\backup_server\server\src\main\java\io\mopesbox\Animals\Tier13\Ostrich.java
E:\games\mope2020_dump\backup_server\server\src\main\java\io\mopesbox\Animals\Tier13\SabertoothTiger.java
E:\games\mope2020_dump\backup_server\server\src\main\java\io\mopesbox\Animals\Tier14\BlackwidowSpider.java
E:\games\mope2020_dump\backup_server\server\src\main\java\io\mopesbox\Animals\Tier14\BlueWhale.java
E:\games\mope2020_dump\backup_server\server\src\main\java\io\mopesbox\Animals\Tier14\Cassowary.java
E:\games\mope2020_dump\backup_server\server\src\main\java\io\mopesbox\Animals\Tier14\Elephant.java
E:\games\mope2020_dump\backup_server\server\src\main\java\io\mopesbox\Animals\Tier14\GiantSpider.java
E:\games\mope2020_dump\backup_server\server\src\main\java\io\mopesbox\Animals\Tier14\Mammoth.java
E:\games\mope2020_dump\backup_server\server\src\main\java\io\mopesbox\Animals\Tier15\Bigfoot.java
E:\games\mope2020_dump\backup_server\server\src\main\java\io\mopesbox\Animals\Tier15\Dragon.java
E:\games\mope2020_dump\backup_server\server\src\main\java\io\mopesbox\Animals\Tier15\KingCrab.java
E:\games\mope2020_dump\backup_server\server\src\main\java\io\mopesbox\Animals\Tier15\Kraken.java
E:\games\mope2020_dump\backup_server\server\src\main\java\io\mopesbox\Animals\Tier15\Phoenix.java
E:\games\mope2020_dump\backup_server\server\src\main\java\io\mopesbox\Animals\Tier15\Pterodactyl.java
E:\games\mope2020_dump\backup_server\server\src\main\java\io\mopesbox\Animals\Tier15\Rudolph.java
E:\games\mope2020_dump\backup_server\server\src\main\java\io\mopesbox\Animals\Tier15\Santa.java
E:\games\mope2020_dump\backup_server\server\src\main\java\io\mopesbox\Animals\Tier15\Snowman.java
E:\games\mope2020_dump\backup_server\server\src\main\java\io\mopesbox\Animals\Tier15\Trex.java
E:\games\mope2020_dump\backup_server\server\src\main\java\io\mopesbox\Animals\Tier15\Yeti.java
E:\games\mope2020_dump\backup_server\server\src\main\java\io\mopesbox\Animals\Tier16\DinoMonster.java
E:\games\mope2020_dump\backup_server\server\src\main\java\io\mopesbox\Animals\Tier16\GiantScorpion.java
E:\games\mope2020_dump\backup_server\server\src\main\java\io\mopesbox\Animals\Tier16\IceMonster.java
E:\games\mope2020_dump\backup_server\server\src\main\java\io\mopesbox\Animals\Tier16\LandMonster.java
E:\games\mope2020_dump\backup_server\server\src\main\java\io\mopesbox\Animals\Tier16\SeaMonster.java
E:\games\mope2020_dump\backup_server\server\src\main\java\io\mopesbox\Animals\Tier17\BlackDragon.java
E:\games\mope2020_dump\backup_server\server\src\main\java\io\mopesbox\Animals\Tier17\KingDragon.java
E:\games\mope2020_dump\backup_server\server\src\main\java\io\mopesbox\Animals\Tier2\DesertChipmunk.java
E:\games\mope2020_dump\backup_server\server\src\main\java\io\mopesbox\Animals\Tier2\Hare.java
E:\games\mope2020_dump\backup_server\server\src\main\java\io\mopesbox\Animals\Tier2\Pigeon.java
E:\games\mope2020_dump\backup_server\server\src\main\java\io\mopesbox\Animals\Tier2\Rabbit.java
E:\games\mope2020_dump\backup_server\server\src\main\java\io\mopesbox\Animals\Tier2\Trout.java
E:\games\mope2020_dump\backup_server\server\src\main\java\io\mopesbox\Animals\Tier3\Chicken.java
E:\games\mope2020_dump\backup_server\server\src\main\java\io\mopesbox\Animals\Tier3\Crab.java
E:\games\mope2020_dump\backup_server\server\src\main\java\io\mopesbox\Animals\Tier3\Duckling.java
E:\games\mope2020_dump\backup_server\server\src\main\java\io\mopesbox\Animals\Tier3\Meerkat.java
E:\games\mope2020_dump\backup_server\server\src\main\java\io\mopesbox\Animals\Tier3\Mole.java
E:\games\mope2020_dump\backup_server\server\src\main\java\io\mopesbox\Animals\Tier3\Penguin.java
E:\games\mope2020_dump\backup_server\server\src\main\java\io\mopesbox\Animals\Tier4\Armadillo.java
E:\games\mope2020_dump\backup_server\server\src\main\java\io\mopesbox\Animals\Tier4\OstrishBaby.java
E:\games\mope2020_dump\backup_server\server\src\main\java\io\mopesbox\Animals\Tier4\Pig.java
E:\games\mope2020_dump\backup_server\server\src\main\java\io\mopesbox\Animals\Tier4\SeaHorse.java
E:\games\mope2020_dump\backup_server\server\src\main\java\io\mopesbox\Animals\Tier4\Seal.java
E:\games\mope2020_dump\backup_server\server\src\main\java\io\mopesbox\Animals\Tier4\Woodpecker.java
E:\games\mope2020_dump\backup_server\server\src\main\java\io\mopesbox\Animals\Tier5\BulletAnt.java
E:\games\mope2020_dump\backup_server\server\src\main\java\io\mopesbox\Animals\Tier5\Deer.java
E:\games\mope2020_dump\backup_server\server\src\main\java\io\mopesbox\Animals\Tier5\Flamingo.java
E:\games\mope2020_dump\backup_server\server\src\main\java\io\mopesbox\Animals\Tier5\Gazelle.java
E:\games\mope2020_dump\backup_server\server\src\main\java\io\mopesbox\Animals\Tier5\Reindeer.java
E:\games\mope2020_dump\backup_server\server\src\main\java\io\mopesbox\Animals\Tier5\Squid.java
E:\games\mope2020_dump\backup_server\server\src\main\java\io\mopesbox\Animals\Tier6\ArcticFox.java
E:\games\mope2020_dump\backup_server\server\src\main\java\io\mopesbox\Animals\Tier6\Bee.java
E:\games\mope2020_dump\backup_server\server\src\main\java\io\mopesbox\Animals\Tier6\Duck.java
E:\games\mope2020_dump\backup_server\server\src\main\java\io\mopesbox\Animals\Tier6\FennecFox.java
E:\games\mope2020_dump\backup_server\server\src\main\java\io\mopesbox\Animals\Tier6\Fox.java
E:\games\mope2020_dump\backup_server\server\src\main\java\io\mopesbox\Animals\Tier6\Hedgehog.java
E:\games\mope2020_dump\backup_server\server\src\main\java\io\mopesbox\Animals\Tier6\Peacock.java
E:\games\mope2020_dump\backup_server\server\src\main\java\io\mopesbox\Animals\Tier7\Donkey.java
E:\games\mope2020_dump\backup_server\server\src\main\java\io\mopesbox\Animals\Tier7\Macaw.java
E:\games\mope2020_dump\backup_server\server\src\main\java\io\mopesbox\Animals\Tier7\Muskox.java
E:\games\mope2020_dump\backup_server\server\src\main\java\io\mopesbox\Animals\Tier7\Turtle.java
E:\games\mope2020_dump\backup_server\server\src\main\java\io\mopesbox\Animals\Tier7\Warthog.java
E:\games\mope2020_dump\backup_server\server\src\main\java\io\mopesbox\Animals\Tier7\Zebra.java
E:\games\mope2020_dump\backup_server\server\src\main\java\io\mopesbox\Animals\Tier8\Camel.java
E:\games\mope2020_dump\backup_server\server\src\main\java\io\mopesbox\Animals\Tier8\Cobra.java
E:\games\mope2020_dump\backup_server\server\src\main\java\io\mopesbox\Animals\Tier8\Giraffe.java
E:\games\mope2020_dump\backup_server\server\src\main\java\io\mopesbox\Animals\Tier8\Snail.java
E:\games\mope2020_dump\backup_server\server\src\main\java\io\mopesbox\Animals\Tier8\Snowyowl.java
E:\games\mope2020_dump\backup_server\server\src\main\java\io\mopesbox\Animals\Tier8\Stingray.java
E:\games\mope2020_dump\backup_server\server\src\main\java\io\mopesbox\Animals\Tier8\Walrus.java
E:\games\mope2020_dump\backup_server\server\src\main\java\io\mopesbox\Animals\Tier9\Cheetah.java
E:\games\mope2020_dump\backup_server\server\src\main\java\io\mopesbox\Animals\Tier9\Frog.java
E:\games\mope2020_dump\backup_server\server\src\main\java\io\mopesbox\Animals\Tier9\Gorilla.java
E:\games\mope2020_dump\backup_server\server\src\main\java\io\mopesbox\Animals\Tier9\PufferFish.java
E:\games\mope2020_dump\backup_server\server\src\main\java\io\mopesbox\Animals\Tier9\RattleSnake.java
E:\games\mope2020_dump\backup_server\server\src\main\java\io\mopesbox\Animals\Tier9\SnowLeopard.java
E:\games\mope2020_dump\backup_server\server\src\main\java\io\mopesbox\Animals\Tier9\Toucan.java
E:\games\mope2020_dump\backup_server\server\src\main\java\io\mopesbox\Client\Account.java
E:\games\mope2020_dump\backup_server\server\src\main\java\io\mopesbox\Client\AI\AIBee.java
E:\games\mope2020_dump\backup_server\server\src\main\java\io\mopesbox\Client\AI\AIBulletAnt.java
E:\games\mope2020_dump\backup_server\server\src\main\java\io\mopesbox\Client\AI\AIDeer.java
E:\games\mope2020_dump\backup_server\server\src\main\java\io\mopesbox\Client\AI\AIDuck.java
E:\games\mope2020_dump\backup_server\server\src\main\java\io\mopesbox\Client\AI\AIDuckling.java
E:\games\mope2020_dump\backup_server\server\src\main\java\io\mopesbox\Client\AI\AIDummy.java
E:\games\mope2020_dump\backup_server\server\src\main\java\io\mopesbox\Client\AI\AIFrog.java
E:\games\mope2020_dump\backup_server\server\src\main\java\io\mopesbox\Client\AI\AIOstrishBaby.java
E:\games\mope2020_dump\backup_server\server\src\main\java\io\mopesbox\Client\AI\AISnail.java
E:\games\mope2020_dump\backup_server\server\src\main\java\io\mopesbox\Client\AI\OpPvPBot.java
E:\games\mope2020_dump\backup_server\server\src\main\java\io\mopesbox\Client\AI\PvPBot.java
E:\games\mope2020_dump\backup_server\server\src\main\java\io\mopesbox\Client\GameClient.java
E:\games\mope2020_dump\backup_server\server\src\main\java\io\mopesbox\Collision\CollisionHandler.java
E:\games\mope2020_dump\backup_server\server\src\main\java\io\mopesbox\Collision\CollisionMath.java
E:\games\mope2020_dump\backup_server\server\src\main\java\io\mopesbox\Collision\CollisionSeparator.java
E:\games\mope2020_dump\backup_server\server\src\main\java\io\mopesbox\Collision\QuadTree.java
E:\games\mope2020_dump\backup_server\server\src\main\java\io\mopesbox\Collision\Rectangle.java
E:\games\mope2020_dump\backup_server\server\src\main\java\io\mopesbox\Collision\SpatialHash.java
E:\games\mope2020_dump\backup_server\server\src\main\java\io\mopesbox\Collision\SpatialIndex.java
E:\games\mope2020_dump\backup_server\server\src\main\java\io\mopesbox\Config.java
E:\games\mope2020_dump\backup_server\server\src\main\java\io\mopesbox\Constants.java
E:\games\mope2020_dump\backup_server\server\src\main\java\io\mopesbox\Main.java
E:\games\mope2020_dump\backup_server\server\src\main\java\io\mopesbox\Networking\Networking.java
E:\games\mope2020_dump\backup_server\server\src\main\java\io\mopesbox\Networking\Selection.java
E:\games\mope2020_dump\backup_server\server\src\main\java\io\mopesbox\Networking\WorldUpdate.java
E:\games\mope2020_dump\backup_server\server\src\main\java\io\mopesbox\Objects\Arctic\ArcticIce.java
E:\games\mope2020_dump\backup_server\server\src\main\java\io\mopesbox\Objects\BattleRoyale\SafeArea.java
E:\games\mope2020_dump\backup_server\server\src\main\java\io\mopesbox\Objects\Biome\Arctic.java
E:\games\mope2020_dump\backup_server\server\src\main\java\io\mopesbox\Objects\Biome\Beach.java
E:\games\mope2020_dump\backup_server\server\src\main\java\io\mopesbox\Objects\Biome\Biome.java
E:\games\mope2020_dump\backup_server\server\src\main\java\io\mopesbox\Objects\Biome\Desert.java
E:\games\mope2020_dump\backup_server\server\src\main\java\io\mopesbox\Objects\Biome\Land.java
E:\games\mope2020_dump\backup_server\server\src\main\java\io\mopesbox\Objects\Biome\Ocean.java
E:\games\mope2020_dump\backup_server\server\src\main\java\io\mopesbox\Objects\Biome\Rainforest.java
E:\games\mope2020_dump\backup_server\server\src\main\java\io\mopesbox\Objects\Biome\River.java
E:\games\mope2020_dump\backup_server\server\src\main\java\io\mopesbox\Objects\Biome\VolcanoBiome.java
E:\games\mope2020_dump\backup_server\server\src\main\java\io\mopesbox\Objects\Bones\AnimalCarcass.java
E:\games\mope2020_dump\backup_server\server\src\main\java\io\mopesbox\Objects\Dangerous\MopeCoin.java
E:\games\mope2020_dump\backup_server\server\src\main\java\io\mopesbox\Objects\Dangerous\MopeCoinBox.java
E:\games\mope2020_dump\backup_server\server\src\main\java\io\mopesbox\Objects\Eatable\AloeVera.java
E:\games\mope2020_dump\backup_server\server\src\main\java\io\mopesbox\Objects\Eatable\AloeVeraLeaf.java
E:\games\mope2020_dump\backup_server\server\src\main\java\io\mopesbox\Objects\Eatable\Banana.java
E:\games\mope2020_dump\backup_server\server\src\main\java\io\mopesbox\Objects\Eatable\BeeHive.java
E:\games\mope2020_dump\backup_server\server\src\main\java\io\mopesbox\Objects\Eatable\Berry.java
E:\games\mope2020_dump\backup_server\server\src\main\java\io\mopesbox\Objects\Eatable\Cactus.java
E:\games\mope2020_dump\backup_server\server\src\main\java\io\mopesbox\Objects\Eatable\CactusPear.java
E:\games\mope2020_dump\backup_server\server\src\main\java\io\mopesbox\Objects\Eatable\Carrot.java
E:\games\mope2020_dump\backup_server\server\src\main\java\io\mopesbox\Objects\Eatable\Clam.java
E:\games\mope2020_dump\backup_server\server\src\main\java\io\mopesbox\Objects\Eatable\Coconut.java
E:\games\mope2020_dump\backup_server\server\src\main\java\io\mopesbox\Objects\Eatable\ConchShell.java
E:\games\mope2020_dump\backup_server\server\src\main\java\io\mopesbox\Objects\Eatable\DateFruit.java
E:\games\mope2020_dump\backup_server\server\src\main\java\io\mopesbox\Objects\Eatable\Egg.java
E:\games\mope2020_dump\backup_server\server\src\main\java\io\mopesbox\Objects\Eatable\gift.java
E:\games\mope2020_dump\backup_server\server\src\main\java\io\mopesbox\Objects\Eatable\Healstone.java
E:\games\mope2020_dump\backup_server\server\src\main\java\io\mopesbox\Objects\Eatable\HoneyComb.java
E:\games\mope2020_dump\backup_server\server\src\main\java\io\mopesbox\Objects\Eatable\Kelp.java
E:\games\mope2020_dump\backup_server\server\src\main\java\io\mopesbox\Objects\Eatable\LilyPad.java
E:\games\mope2020_dump\backup_server\server\src\main\java\io\mopesbox\Objects\Eatable\Meat.java
E:\games\mope2020_dump\backup_server\server\src\main\java\io\mopesbox\Objects\Eatable\Mushroom.java
E:\games\mope2020_dump\backup_server\server\src\main\java\io\mopesbox\Objects\Eatable\MushroomBush.java
E:\games\mope2020_dump\backup_server\server\src\main\java\io\mopesbox\Objects\Eatable\Nude.java
E:\games\mope2020_dump\backup_server\server\src\main\java\io\mopesbox\Objects\Eatable\Pear.java
E:\games\mope2020_dump\backup_server\server\src\main\java\io\mopesbox\Objects\Eatable\Plankton.java
E:\games\mope2020_dump\backup_server\server\src\main\java\io\mopesbox\Objects\Eatable\Raspberry.java
E:\games\mope2020_dump\backup_server\server\src\main\java\io\mopesbox\Objects\Eatable\RedMushroom.java
E:\games\mope2020_dump\backup_server\server\src\main\java\io\mopesbox\Objects\Eatable\SeaWeed.java
E:\games\mope2020_dump\backup_server\server\src\main\java\io\mopesbox\Objects\Eatable\StarFish.java
E:\games\mope2020_dump\backup_server\server\src\main\java\io\mopesbox\Objects\Eatable\Water.java
E:\games\mope2020_dump\backup_server\server\src\main\java\io\mopesbox\Objects\Eatable\Watermelon.java
E:\games\mope2020_dump\backup_server\server\src\main\java\io\mopesbox\Objects\Eatable\WatermelonSlice.java
E:\games\mope2020_dump\backup_server\server\src\main\java\io\mopesbox\Objects\ETC\Ability.java
E:\games\mope2020_dump\backup_server\server\src\main\java\io\mopesbox\Objects\ETC\AbilityHole.java
E:\games\mope2020_dump\backup_server\server\src\main\java\io\mopesbox\Objects\ETC\AbilityKomodo.java
E:\games\mope2020_dump\backup_server\server\src\main\java\io\mopesbox\Objects\ETC\AntBite.java
E:\games\mope2020_dump\backup_server\server\src\main\java\io\mopesbox\Objects\ETC\BearSlash.java
E:\games\mope2020_dump\backup_server\server\src\main\java\io\mopesbox\Objects\ETC\BigWhirlpool.java
E:\games\mope2020_dump\backup_server\server\src\main\java\io\mopesbox\Objects\ETC\blackWidowAbility.java
E:\games\mope2020_dump\backup_server\server\src\main\java\io\mopesbox\Objects\ETC\BoaConstrictorShit.java
E:\games\mope2020_dump\backup_server\server\src\main\java\io\mopesbox\Objects\ETC\Button.java
E:\games\mope2020_dump\backup_server\server\src\main\java\io\mopesbox\Objects\ETC\CamelSpit.java
E:\games\mope2020_dump\backup_server\server\src\main\java\io\mopesbox\Objects\ETC\CassowaryIdk.java
E:\games\mope2020_dump\backup_server\server\src\main\java\io\mopesbox\Objects\ETC\ColdWave.java
E:\games\mope2020_dump\backup_server\server\src\main\java\io\mopesbox\Objects\ETC\CrabSmash.java
E:\games\mope2020_dump\backup_server\server\src\main\java\io\mopesbox\Objects\ETC\CrocShit.java
E:\games\mope2020_dump\backup_server\server\src\main\java\io\mopesbox\Objects\ETC\DigFood.java
E:\games\mope2020_dump\backup_server\server\src\main\java\io\mopesbox\Objects\ETC\DirtSpot.java
E:\games\mope2020_dump\backup_server\server\src\main\java\io\mopesbox\Objects\ETC\DonkeyKick.java
E:\games\mope2020_dump\backup_server\server\src\main\java\io\mopesbox\Objects\ETC\DustWave.java
E:\games\mope2020_dump\backup_server\server\src\main\java\io\mopesbox\Objects\ETC\ElephantTrunk.java
E:\games\mope2020_dump\backup_server\server\src\main\java\io\mopesbox\Objects\ETC\findFood.java
E:\games\mope2020_dump\backup_server\server\src\main\java\io\mopesbox\Objects\ETC\FireTornado.java
E:\games\mope2020_dump\backup_server\server\src\main\java\io\mopesbox\Objects\ETC\FireWood.java
E:\games\mope2020_dump\backup_server\server\src\main\java\io\mopesbox\Objects\ETC\giraffeStomp.java
E:\games\mope2020_dump\backup_server\server\src\main\java\io\mopesbox\Objects\ETC\GobiBearSlash.java
E:\games\mope2020_dump\backup_server\server\src\main\java\io\mopesbox\Objects\ETC\HeatWave.java
E:\games\mope2020_dump\backup_server\server\src\main\java\io\mopesbox\Objects\ETC\Howl.java
E:\games\mope2020_dump\backup_server\server\src\main\java\io\mopesbox\Objects\ETC\HyenaAbil.java
E:\games\mope2020_dump\backup_server\server\src\main\java\io\mopesbox\Objects\ETC\IceCrystal.java
E:\games\mope2020_dump\backup_server\server\src\main\java\io\mopesbox\Objects\ETC\IceShard.java
E:\games\mope2020_dump\backup_server\server\src\main\java\io\mopesbox\Objects\ETC\Jump.java
E:\games\mope2020_dump\backup_server\server\src\main\java\io\mopesbox\Objects\ETC\PelicanMouth.java
E:\games\mope2020_dump\backup_server\server\src\main\java\io\mopesbox\Objects\ETC\pullfromhole.java
E:\games\mope2020_dump\backup_server\server\src\main\java\io\mopesbox\Objects\ETC\PumpkinBall.java
E:\games\mope2020_dump\backup_server\server\src\main\java\io\mopesbox\Objects\ETC\Rattle.java
E:\games\mope2020_dump\backup_server\server\src\main\java\io\mopesbox\Objects\ETC\Roar.java
E:\games\mope2020_dump\backup_server\server\src\main\java\io\mopesbox\Objects\ETC\SabertoothTigerJaw.java
E:\games\mope2020_dump\backup_server\server\src\main\java\io\mopesbox\Objects\ETC\ScorpionClaw.java
E:\games\mope2020_dump\backup_server\server\src\main\java\io\mopesbox\Objects\ETC\SharkShake.java
E:\games\mope2020_dump\backup_server\server\src\main\java\io\mopesbox\Objects\ETC\Shock.java
E:\games\mope2020_dump\backup_server\server\src\main\java\io\mopesbox\Objects\ETC\SinkHole.java
E:\games\mope2020_dump\backup_server\server\src\main\java\io\mopesbox\Objects\ETC\Snowball.java
E:\games\mope2020_dump\backup_server\server\src\main\java\io\mopesbox\Objects\ETC\Spawnfood.java
E:\games\mope2020_dump\backup_server\server\src\main\java\io\mopesbox\Objects\ETC\Spear.java
E:\games\mope2020_dump\backup_server\server\src\main\java\io\mopesbox\Objects\ETC\SpiderWeb.java
E:\games\mope2020_dump\backup_server\server\src\main\java\io\mopesbox\Objects\ETC\SquidInk.java
E:\games\mope2020_dump\backup_server\server\src\main\java\io\mopesbox\Objects\ETC\StinkPig.java
E:\games\mope2020_dump\backup_server\server\src\main\java\io\mopesbox\Objects\ETC\Tailslap.java
E:\games\mope2020_dump\backup_server\server\src\main\java\io\mopesbox\Objects\ETC\TigerJump.java
E:\games\mope2020_dump\backup_server\server\src\main\java\io\mopesbox\Objects\ETC\TrexShake.java
E:\games\mope2020_dump\backup_server\server\src\main\java\io\mopesbox\Objects\ETC\Wave.java
E:\games\mope2020_dump\backup_server\server\src\main\java\io\mopesbox\Objects\ETC\WhaleTailSlap.java
E:\games\mope2020_dump\backup_server\server\src\main\java\io\mopesbox\Objects\ETC\Whirpool.java
E:\games\mope2020_dump\backup_server\server\src\main\java\io\mopesbox\Objects\ETC\YetiRoar.java
E:\games\mope2020_dump\backup_server\server\src\main\java\io\mopesbox\Objects\ETC\ZebraKick.java
E:\games\mope2020_dump\backup_server\server\src\main\java\io\mopesbox\Objects\Fire\Fire.java
E:\games\mope2020_dump\backup_server\server\src\main\java\io\mopesbox\Objects\Fire\FireBall.java
E:\games\mope2020_dump\backup_server\server\src\main\java\io\mopesbox\Objects\Fun\Amogus.java
E:\games\mope2020_dump\backup_server\server\src\main\java\io\mopesbox\Objects\Fun\FireForCircle.java
E:\games\mope2020_dump\backup_server\server\src\main\java\io\mopesbox\Objects\Fun\Sleigh.java
E:\games\mope2020_dump\backup_server\server\src\main\java\io\mopesbox\Objects\GameObject.java
E:\games\mope2020_dump\backup_server\server\src\main\java\io\mopesbox\Objects\Juggernaut\Meteor.java
E:\games\mope2020_dump\backup_server\server\src\main\java\io\mopesbox\Objects\Juggernaut\MeteorCrater.java
E:\games\mope2020_dump\backup_server\server\src\main\java\io\mopesbox\Objects\PvP\PvPArena.java
E:\games\mope2020_dump\backup_server\server\src\main\java\io\mopesbox\Objects\PvP\Target.java
E:\games\mope2020_dump\backup_server\server\src\main\java\io\mopesbox\Objects\Rectangle.java
E:\games\mope2020_dump\backup_server\server\src\main\java\io\mopesbox\Objects\Static\AntHill.java
E:\games\mope2020_dump\backup_server\server\src\main\java\io\mopesbox\Objects\Static\ArcticBush.java
E:\games\mope2020_dump\backup_server\server\src\main\java\io\mopesbox\Objects\Static\Berryspot.java
E:\games\mope2020_dump\backup_server\server\src\main\java\io\mopesbox\Objects\Static\DeathLake.java
E:\games\mope2020_dump\backup_server\server\src\main\java\io\mopesbox\Objects\Static\Extraocean.java
E:\games\mope2020_dump\backup_server\server\src\main\java\io\mopesbox\Objects\Static\FlyTrap.java
E:\games\mope2020_dump\backup_server\server\src\main\java\io\mopesbox\Objects\Static\FlyTrapMouth.java
E:\games\mope2020_dump\backup_server\server\src\main\java\io\mopesbox\Objects\Static\HidingBush.java
E:\games\mope2020_dump\backup_server\server\src\main\java\io\mopesbox\Objects\Static\Hill.java
E:\games\mope2020_dump\backup_server\server\src\main\java\io\mopesbox\Objects\Static\Hole.java
E:\games\mope2020_dump\backup_server\server\src\main\java\io\mopesbox\Objects\Static\IsLand.java
E:\games\mope2020_dump\backup_server\server\src\main\java\io\mopesbox\Objects\Static\Lake.java
E:\games\mope2020_dump\backup_server\server\src\main\java\io\mopesbox\Objects\Static\LakeIsland.java
E:\games\mope2020_dump\backup_server\server\src\main\java\io\mopesbox\Objects\Static\LavaDrop.java
E:\games\mope2020_dump\backup_server\server\src\main\java\io\mopesbox\Objects\Static\LavaLake.java
E:\games\mope2020_dump\backup_server\server\src\main\java\io\mopesbox\Objects\Static\Mudspot.java
E:\games\mope2020_dump\backup_server\server\src\main\java\io\mopesbox\Objects\Static\Oasis.java
E:\games\mope2020_dump\backup_server\server\src\main\java\io\mopesbox\Objects\Static\OasisWater.java
E:\games\mope2020_dump\backup_server\server\src\main\java\io\mopesbox\Objects\Static\PlanktonBush.java
E:\games\mope2020_dump\backup_server\server\src\main\java\io\mopesbox\Objects\Static\PoisonBall.java
E:\games\mope2020_dump\backup_server\server\src\main\java\io\mopesbox\Objects\Static\Rock.java
E:\games\mope2020_dump\backup_server\server\src\main\java\io\mopesbox\Objects\Static\SandboxArena.java
E:\games\mope2020_dump\backup_server\server\src\main\java\io\mopesbox\Objects\Static\sweatPoison.java
E:\games\mope2020_dump\backup_server\server\src\main\java\io\mopesbox\Objects\Static\Tree.java
E:\games\mope2020_dump\backup_server\server\src\main\java\io\mopesbox\Objects\Static\Volcano.java
E:\games\mope2020_dump\backup_server\server\src\main\java\io\mopesbox\Objects\Static\WaterDrop.java
E:\games\mope2020_dump\backup_server\server\src\main\java\io\mopesbox\Objects\Static\Waterspot.java
E:\games\mope2020_dump\backup_server\server\src\main\java\io\mopesbox\Objects\Static\Whine.java
E:\games\mope2020_dump\backup_server\server\src\main\java\io\mopesbox\Server\FlagWriter.java
E:\games\mope2020_dump\backup_server\server\src\main\java\io\mopesbox\Server\GameServer.java
E:\games\mope2020_dump\backup_server\server\src\main\java\io\mopesbox\Server\MsgReader.java
E:\games\mope2020_dump\backup_server\server\src\main\java\io\mopesbox\Server\MsgWriter.java
E:\games\mope2020_dump\backup_server\server\src\main\java\io\mopesbox\Utils\AccountConnector.java
E:\games\mope2020_dump\backup_server\server\src\main\java\io\mopesbox\Utils\AnimalType.java
E:\games\mope2020_dump\backup_server\server\src\main\java\io\mopesbox\Utils\Apex.java
E:\games\mope2020_dump\backup_server\server\src\main\java\io\mopesbox\Utils\BiomeType.java
E:\games\mope2020_dump\backup_server\server\src\main\java\io\mopesbox\Utils\Byte.java
E:\games\mope2020_dump\backup_server\server\src\main\java\io\mopesbox\Utils\Emoji.java
E:\games\mope2020_dump\backup_server\server\src\main\java\io\mopesbox\Utils\FoodGenerator.java
E:\games\mope2020_dump\backup_server\server\src\main\java\io\mopesbox\Utils\Generator.java
E:\games\mope2020_dump\backup_server\server\src\main\java\io\mopesbox\Utils\GeneratorPreference.java
E:\games\mope2020_dump\backup_server\server\src\main\java\io\mopesbox\Utils\GUIThread.java
E:\games\mope2020_dump\backup_server\server\src\main\java\io\mopesbox\Utils\IPBlacklist.java
E:\games\mope2020_dump\backup_server\server\src\main\java\io\mopesbox\Utils\IPCheck.java
E:\games\mope2020_dump\backup_server\server\src\main\java\io\mopesbox\Utils\JuggernautState.java
E:\games\mope2020_dump\backup_server\server\src\main\java\io\mopesbox\Utils\LeaderThread.java
E:\games\mope2020_dump\backup_server\server\src\main\java\io\mopesbox\Utils\LogFormat.java
E:\games\mope2020_dump\backup_server\server\src\main\java\io\mopesbox\Utils\MessageType.java
E:\games\mope2020_dump\backup_server\server\src\main\java\io\mopesbox\Utils\ObjectTypes.java
E:\games\mope2020_dump\backup_server\server\src\main\java\io\mopesbox\Utils\PacketException.java
E:\games\mope2020_dump\backup_server\server\src\main\java\io\mopesbox\Utils\PacketValidator.java
E:\games\mope2020_dump\backup_server\server\src\main\java\io\mopesbox\Utils\PvPRequest.java
E:\games\mope2020_dump\backup_server\server\src\main\java\io\mopesbox\Utils\RectangleUtils.java
E:\games\mope2020_dump\backup_server\server\src\main\java\io\mopesbox\Utils\RemoveList.java
E:\games\mope2020_dump\backup_server\server\src\main\java\io\mopesbox\Utils\Sessions.java
E:\games\mope2020_dump\backup_server\server\src\main\java\io\mopesbox\Utils\SSL.java
E:\games\mope2020_dump\backup_server\server\src\main\java\io\mopesbox\Utils\Timer.java
E:\games\mope2020_dump\backup_server\server\src\main\java\io\mopesbox\Utils\UpdateThread.java
E:\games\mope2020_dump\backup_server\server\src\main\java\io\mopesbox\Utils\Utils.java
E:\games\mope2020_dump\backup_server\server\src\main\java\io\mopesbox\Utils\Waypoint.java
E:\games\mope2020_dump\backup_server\server\src\main\java\io\mopesbox\World\BattleRoyaleHandler.java
E:\games\mope2020_dump\backup_server\server\src\main\java\io\mopesbox\World\GameList.java
E:\games\mope2020_dump\backup_server\server\src\main\java\io\mopesbox\World\JuggernautHandler.java
E:\games\mope2020_dump\backup_server\server\src\main\java\io\mopesbox\World\PlayerStat.java
E:\games\mope2020_dump\backup_server\server\src\main\java\io\mopesbox\World\Room.java
